# Breaking out of docker container
## Check if it is possible to get the privileges to see the host drive
Yes, it is possible to get the privileges to see the host drive using `fdisk -l` command on docker container.
```bash
root@gitlab:~# fdisk -l
fdisk -l
Disk /dev/loop0: 55.4 MiB, 58052608 bytes, 113384 sectors
Units: sectors of 1 * 512 = 512 bytes
Sector size (logical/physical): 512 bytes / 512 bytes
I/O size (minimum/optimal): 512 bytes / 512 bytes


Disk /dev/loop1: 55.5 MiB, 58159104 bytes, 113592 sectors
Units: sectors of 1 * 512 = 512 bytes
Sector size (logical/physical): 512 bytes / 512 bytes
I/O size (minimum/optimal): 512 bytes / 512 bytes


Disk /dev/loop2: 71.3 MiB, 74797056 bytes, 146088 sectors
Units: sectors of 1 * 512 = 512 bytes
Sector size (logical/physical): 512 bytes / 512 bytes
I/O size (minimum/optimal): 512 bytes / 512 bytes


Disk /dev/loop3: 71.4 MiB, 74907648 bytes, 146304 sectors
Units: sectors of 1 * 512 = 512 bytes
Sector size (logical/physical): 512 bytes / 512 bytes
I/O size (minimum/optimal): 512 bytes / 512 bytes


Disk /dev/loop4: 31.1 MiB, 32595968 bytes, 63664 sectors
Units: sectors of 1 * 512 = 512 bytes
Sector size (logical/physical): 512 bytes / 512 bytes
I/O size (minimum/optimal): 512 bytes / 512 bytes


Disk /dev/loop5: 31.1 MiB, 32571392 bytes, 63616 sectors
Units: sectors of 1 * 512 = 512 bytes
Sector size (logical/physical): 512 bytes / 512 bytes
I/O size (minimum/optimal): 512 bytes / 512 bytes


Disk /dev/sda: 20 GiB, 21474836480 bytes, 41943040 sectors
Units: sectors of 1 * 512 = 512 bytes
Sector size (logical/physical): 512 bytes / 512 bytes
I/O size (minimum/optimal): 512 bytes / 512 bytes
Disklabel type: gpt
Disk identifier: 32558524-85A4-4072-AA28-FA341BE86C2E

Device        Start      End  Sectors Size Type
/dev/sda1      2048     4095     2048   1M BIOS boot
/dev/sda2      4096 37746687 37742592  18G Linux filesystem
/dev/sda3  37746688 41940991  4194304   2G Linux swap
```
## Mounting host drive in the container

